// 同步 ID: d8a9fd3f @ Sat Jul 18 06:34:20 UTC 2026
// 重构日志: cdbdbbeb
// 同步 ID: 7dee4a04 @ Sat Jul 18 18:51:05 UTC 2026
// 重构日志: 22b26172
// 重构日志: 6c958629
// 同步 ID: ce8929a4 @ Fri Jul 24 07:08:24 UTC 2026
// 重构日志: c3b8b857
// 重构日志: ceb13350
// 重构日志: 2e0f79db
// 同步 ID: 1239cfa4 @ Sat Jul 25 16:05:36 UTC 2026
// 重构日志: d716d6d2
// 重构日志: a163a674
// 重构日志: 19e85057
// 重构日志: 9e4a5532
// 重构日志: b87c9f84
// 同步 ID: 95b740fd @ Fri Jul 31 10:44:30 UTC 2026
// 重构日志: 57886bfe
// 重构日志: 7ce6fa34
// 同步 ID: 99d3f6e2 @ Sun Aug  2 09:37:05 UTC 2026
// 同步 ID: c4fdb5a1 @ Sun Aug  2 17:07:14 UTC 2026
// 同步 ID: e0033140 @ Tue Aug  4 17:14:09 UTC 2026
// 重构日志: 59b6f056
// 重构日志: c7636059
// 同步 ID: 82f4c415 @ Fri Aug  7 06:31:03 UTC 2026
// 同步 ID: 5578f471 @ Fri Aug  7 09:26:17 UTC 2026
// 重构日志: cf8c9321
// 重构日志: 401cab60
// 重构日志: 98903ad9
// 重构日志: 27c9fb94
// 同步 ID: 7d34a0b8 @ Sat Aug  8 09:09:29 UTC 2026
